// Jest Snapshot v1, https://goo.gl/fbAQLP

exports[`Footer Footer links 1`] = `
<section
  className="sc-3ba57081-3 fdfIOl"
>
  <div
    className="sc-3ba57081-8 eNtoMt"
  >
    <p
      className="sc-3ba57081-9 bOpqeW"
    >
      Contact Information
    </p>
    <ul
      className="sc-3ba57081-10 ivDYlE"
    >
      <li>
        <a
          className="phone-mail-footer"
          href="tel:201-896-4100"
        >
          <span
            className="icon"
          >
            <svg
              fill="currentColor"
              height="1em"
              stroke="currentColor"
              strokeWidth="0"
              style={
                {
                  "color": undefined,
                }
              }
              viewBox="0 0 24 24"
              width="1em"
              xmlns="http://www.w3.org/2000/svg"
            >
              <path
                d="M0 0h24v24H0z"
                fill="none"
              />
              <path
                d="M6.62 10.79c1.44 2.83 3.76 5.14 6.59 6.59l2.2-2.2c.27-.27.67-.36 1.02-.24 1.12.37 2.33.57 3.57.57.55 0 1 .45 1 1V20c0 .55-.45 1-1 1-9.39 0-17-7.61-17-17 0-.55.45-1 1-1h3.5c.55 0 1 .45 1 1 0 1.25.2 2.45.57 3.57.11.35.03.74-.25 1.02l-2.2 2.2z"
              />
            </svg>
          </span>
          <span
            className="link-text"
          >
            201-896-4100
          </span>
        </a>
      </li>
      <li>
        <svg
          fill="currentColor"
          height={20}
          stroke="currentColor"
          strokeWidth="0"
          style={
            {
              "color": undefined,
            }
          }
          viewBox="0 0 512 512"
          width={20}
          xmlns="http://www.w3.org/2000/svg"
        >
          <path
            d="M400 96V56a8 8 0 00-8-8H120a8 8 0 00-8 8v40"
          />
          <rect
            fill="none"
            height="160"
            rx="4"
            ry="4"
            width="208"
            x="152"
            y="264"
          />
          <rect
            fill="none"
            height="160"
            rx="4"
            ry="4"
            width="208"
            x="152"
            y="264"
          />
          <path
            d="M408 112H104a56 56 0 00-56 56v208a8 8 0 008 8h56v72a8 8 0 008 8h272a8 8 0 008-8v-72h56a8 8 0 008-8V168a56 56 0 00-56-56zm-48 308a4 4 0 01-4 4H156a4 4 0 01-4-4V268a4 4 0 014-4h200a4 4 0 014 4zm34-212.08a24 24 0 1122-22 24 24 0 01-22 22z"
          />
        </svg>
        201-896-8660
      </li>
      <li>
        <a
          className="phone-mail-footer"
          href="mailto:info@sh-law.com"
        >
          <span
            className="icon"
          >
            <svg
              fill="currentColor"
              height="1em"
              stroke="currentColor"
              strokeWidth="0"
              style={
                {
                  "color": undefined,
                }
              }
              viewBox="0 0 16 16"
              width="1em"
              xmlns="http://www.w3.org/2000/svg"
            >
              <path
                d="M.05 3.555A2 2 0 0 1 2 2h12a2 2 0 0 1 1.95 1.555L8 8.414.05 3.555ZM0 4.697v7.104l5.803-3.558L0 4.697ZM6.761 8.83l-6.57 4.027A2 2 0 0 0 2 14h12a2 2 0 0 0 1.808-1.144l-6.57-4.027L8 9.586l-1.239-.757Zm3.436-.586L16 11.801V4.697l-5.803 3.546Z"
              />
            </svg>
          </span>
          <span
            className="link-text"
          >
            info@sh-law.com
          </span>
        </a>
      </li>
    </ul>
  </div>
  <div
    className="sc-3ba57081-8 eNtoMt"
  >
    <p
      className="sc-3ba57081-9 bOpqeW"
    >
      Social Media
    </p>
    <ul
      className="sc-3ba57081-10 sc-3ba57081-11 ivDYlE fCktIG"
    >
      <li>
        <a
          href="https://www.linkedin.com/company/scarinci-hollenbeck-llc/"
          rel="noreferrer"
          target="_blank"
        >
          <span
            className="icon"
          >
            <svg
              fill="currentColor"
              height="1em"
              stroke="currentColor"
              strokeWidth="0"
              style={
                {
                  "color": undefined,
                }
              }
              viewBox="0 0 448 512"
              width="1em"
              xmlns="http://www.w3.org/2000/svg"
            >
              <path
                d="M416 32H31.9C14.3 32 0 46.5 0 64.3v383.4C0 465.5 14.3 480 31.9 480H416c17.6 0 32-14.5 32-32.3V64.3c0-17.8-14.4-32.3-32-32.3zM135.4 416H69V202.2h66.5V416zm-33.2-243c-21.3 0-38.5-17.3-38.5-38.5S80.9 96 102.2 96c21.2 0 38.5 17.3 38.5 38.5 0 21.3-17.2 38.5-38.5 38.5zm282.1 243h-66.4V312c0-24.8-.5-56.7-34.5-56.7-34.6 0-39.9 27-39.9 54.9V416h-66.4V202.2h63.7v29.2h.9c8.9-16.8 30.6-34.5 62.9-34.5 67.2 0 79.7 44.3 79.7 101.9V416z"
              />
            </svg>
          </span>
          LinkedIn
        </a>
      </li>
      <li>
        <a
          href="https://www.facebook.com/ScarinciHollenbeck"
          rel="noreferrer"
          target="_blank"
        >
          <span
            className="icon"
          >
            <svg
              fill="currentColor"
              height="1em"
              stroke="currentColor"
              strokeWidth="0"
              style={
                {
                  "color": undefined,
                }
              }
              viewBox="0 0 448 512"
              width="1em"
              xmlns="http://www.w3.org/2000/svg"
            >
              <path
                d="M400 32H48A48 48 0 0 0 0 80v352a48 48 0 0 0 48 48h137.25V327.69h-63V256h63v-54.64c0-62.15 37-96.48 93.67-96.48 27.14 0 55.52 4.84 55.52 4.84v61h-31.27c-30.81 0-40.42 19.12-40.42 38.73V256h68.78l-11 71.69h-57.78V480H400a48 48 0 0 0 48-48V80a48 48 0 0 0-48-48z"
              />
            </svg>
          </span>
          Facebook
        </a>
      </li>
      <li>
        <a
          href="https://twitter.com/S_H_Law"
          rel="noreferrer"
          target="_blank"
        >
          <span
            className="icon"
          >
            <svg
              fill="currentColor"
              height="1em"
              stroke="currentColor"
              strokeWidth="0"
              style={
                {
                  "color": undefined,
                }
              }
              viewBox="0 0 448 512"
              width="1em"
              xmlns="http://www.w3.org/2000/svg"
            >
              <path
                d="M64 32C28.7 32 0 60.7 0 96V416c0 35.3 28.7 64 64 64H384c35.3 0 64-28.7 64-64V96c0-35.3-28.7-64-64-64H64zm297.1 84L257.3 234.6 379.4 396H283.8L209 298.1 123.3 396H75.8l111-126.9L69.7 116h98l67.7 89.5L313.6 116h47.5zM323.3 367.6L153.4 142.9H125.1L296.9 367.6h26.3z"
              />
            </svg>
          </span>
          X
        </a>
      </li>
    </ul>
  </div>
</section>
`;
