// Jest Snapshot v1, https://goo.gl/fbAQLP

exports[`Attorney page Contacts snapshot 1`] = `
<address
  className="sc-132ec2da-12 exucvO"
>
  <p
    className="contacts-title"
  >
    Contacts
  </p>
  <ul
    className="contacts-list"
  >
    <li
      className="contacts-item"
    >
      <svg
        fill="currentColor"
        height="1em"
        stroke="currentColor"
        strokeWidth="0"
        style={
          {
            "color": undefined,
          }
        }
        viewBox="0 0 24 24"
        width="1em"
        xmlns="http://www.w3.org/2000/svg"
      >
        <path
          d="M0 0h24v24H0z"
          fill="none"
        />
        <path
          d="M12 2C8.13 2 5 5.13 5 9c0 1.74.5 3.37 1.41 4.84.95 1.54 2.2 2.86 3.16 4.4.47.75.81 1.45 1.17 2.26.26.55.47 1.5 1.26 1.5s1-.95 1.25-1.5c.37-.81.7-1.51 1.17-2.26.96-1.53 2.21-2.85 3.16-4.4C18.5 12.37 19 10.74 19 9c0-3.87-3.13-7-7-7zm0 9.75a2.5 2.5 0 010-5 2.5 2.5 0 010 5z"
        />
      </svg>
      <a
        className="contacts-link"
        href="/location/little-falls"
        onClick={[Function]}
        onMouseEnter={[Function]}
        onTouchStart={[Function]}
      >
        Little Falls
      </a>
    </li>
    <li
      className="contacts-item"
    >
      <a
        className="contacts-link"
        href="tel:201-896-7029 "
      >
        <svg
          fill="currentColor"
          height="1em"
          stroke="currentColor"
          strokeWidth="0"
          style={
            {
              "color": undefined,
            }
          }
          viewBox="0 0 24 24"
          width="1em"
          xmlns="http://www.w3.org/2000/svg"
        >
          <path
            d="M0 0h24v24H0z"
            fill="none"
          />
          <path
            d="M6.62 10.79c1.44 2.83 3.76 5.14 6.59 6.59l2.2-2.2c.27-.27.67-.36 1.02-.24 1.12.37 2.33.57 3.57.57.55 0 1 .45 1 1V20c0 .55-.45 1-1 1-9.39 0-17-7.61-17-17 0-.55.45-1 1-1h3.5c.55 0 1 .45 1 1 0 1.25.2 2.45.57 3.57.11.35.03.74-.25 1.02l-2.2 2.2z"
          />
        </svg>
        <span>
          201-896-7029 
        </span>
      </a>
    </li>
    <li
      className="contacts-item"
    >
      <svg
        fill="currentColor"
        height="1em"
        stroke="currentColor"
        strokeWidth="0"
        style={
          {
            "color": undefined,
          }
        }
        viewBox="0 0 512 512"
        width="1em"
        xmlns="http://www.w3.org/2000/svg"
      >
        <path
          d="M400 96V56a8 8 0 00-8-8H120a8 8 0 00-8 8v40"
        />
        <rect
          fill="none"
          height="160"
          rx="4"
          ry="4"
          width="208"
          x="152"
          y="264"
        />
        <rect
          fill="none"
          height="160"
          rx="4"
          ry="4"
          width="208"
          x="152"
          y="264"
        />
        <path
          d="M408 112H104a56 56 0 00-56 56v208a8 8 0 008 8h56v72a8 8 0 008 8h272a8 8 0 008-8v-72h56a8 8 0 008-8V168a56 56 0 00-56-56zm-48 308a4 4 0 01-4 4H156a4 4 0 01-4-4V268a4 4 0 014-4h200a4 4 0 014 4zm34-212.08a24 24 0 1122-22 24 24 0 01-22 22z"
        />
      </svg>
      201-896-8660
    </li>
    <li
      className="contacts-item"
    >
      <a
        className="contacts-link"
        href="mailto:kolsen@sh-law.com"
      >
        <svg
          fill="currentColor"
          height="1em"
          stroke="currentColor"
          strokeWidth="0"
          style={
            {
              "color": undefined,
            }
          }
          viewBox="0 0 16 16"
          width="1em"
          xmlns="http://www.w3.org/2000/svg"
        >
          <path
            d="M.05 3.555A2 2 0 0 1 2 2h12a2 2 0 0 1 1.95 1.555L8 8.414.05 3.555ZM0 4.697v7.104l5.803-3.558L0 4.697ZM6.761 8.83l-6.57 4.027A2 2 0 0 0 2 14h12a2 2 0 0 0 1.808-1.144l-6.57-4.027L8 9.586l-1.239-.757Zm3.436-.586L16 11.801V4.697l-5.803 3.546Z"
          />
        </svg>
        <span>
          kolsen@sh-law.com
        </span>
      </a>
    </li>
    <li
      className="contacts-item"
    >
      <a
        className="contacts-link"
        href="https://www.linkedin.com/company/scarinci-hollenbeck-llc/"
        rel="noreferrer"
        target="_blank"
      >
        <svg
          fill="currentColor"
          height="1em"
          stroke="currentColor"
          strokeWidth="0"
          style={
            {
              "color": undefined,
            }
          }
          viewBox="0 0 448 512"
          width="1em"
          xmlns="http://www.w3.org/2000/svg"
        >
          <path
            d="M416 32H31.9C14.3 32 0 46.5 0 64.3v383.4C0 465.5 14.3 480 31.9 480H416c17.6 0 32-14.5 32-32.3V64.3c0-17.8-14.4-32.3-32-32.3zM135.4 416H69V202.2h66.5V416zm-33.2-243c-21.3 0-38.5-17.3-38.5-38.5S80.9 96 102.2 96c21.2 0 38.5 17.3 38.5 38.5 0 21.3-17.2 38.5-38.5 38.5zm282.1 243h-66.4V312c0-24.8-.5-56.7-34.5-56.7-34.6 0-39.9 27-39.9 54.9V416h-66.4V202.2h63.7v29.2h.9c8.9-16.8 30.6-34.5 62.9-34.5 67.2 0 79.7 44.3 79.7 101.9V416z"
          />
        </svg>
        <span>
          LinkedIn
        </span>
      </a>
    </li>
  </ul>
</address>
`;
